// Jest Snapshot v1, https://goo.gl/fbAQLP

exports[`App component renders correctly 1`] = `
<DocumentFragment>
  <div
    class="sc-bkbjAj ejHFsU"
  >
    <header
      class="sc-kEqYlL geCFVq"
    >
      <img
        alt="Checkout logo"
        height="30px"
        src="checkout.svg"
      />
    </header>
    <div
      class="sc-iemXMA fTzAjS"
    >
      <div
        class="sc-eCApGN bJDjZL"
      >
        <h1
          class="sc-jSFkmK eVjorG"
        >
          Customer Feedback Form
        </h1>
        <h2
          class="sc-gKAblj erwryE"
        >
          Please leave a review of our product here!
        </h2>
        <form
          class="sc-iCoHVE gvNWlc"
        >
          <div
            class="sc-jrsJCI fmufhJ"
          >
            <label
              class="sc-pNWxx bA-DjGm"
              for="name"
            >
              Name *
            </label>
            <input
              class="sc-bdnylx kTAmRM"
              name="name"
              required=""
              type="text"
              value=""
            />
          </div>
          <div
            class="sc-jrsJCI fmufhJ"
          >
            <label
              class="sc-pNWxx bA-DjGm"
              for="email"
            >
              Email *
            </label>
            <input
              class="sc-bdnylx kTAmRM"
              name="email"
              required=""
              type="email"
              value=""
            />
          </div>
          <div
            class="sc-jrsJCI fmufhJ"
          >
            <label
              class="sc-pNWxx bA-DjGm"
              for="comment"
            >
              Comment *
            </label>
            <textarea
              class="sc-hKFyIo iMDsTz"
              name="comment"
              required=""
            />
          </div>
          <div
            class="sc-jrsJCI fmufhJ"
          >
            <label
              class="sc-pNWxx bA-DjGm"
              for="rating"
            >
              Rating *
            </label>
            <select
              class="sc-gtssRu faLnko"
              name="rating"
              required=""
            >
              <option
                class="sc-dlnjPT"
                value="0"
              >
                0
              </option>
              <option
                class="sc-dlnjPT"
                value="1"
              >
                1
              </option>
              <option
                class="sc-dlnjPT"
                value="2"
              >
                2
              </option>
              <option
                class="sc-dlnjPT"
                value="3"
              >
                3
              </option>
              <option
                class="sc-dlnjPT"
                value="4"
              >
                4
              </option>
              <option
                class="sc-dlnjPT"
                value="5"
              >
                5
              </option>
            </select>
          </div>
          <div
            class="sc-jrsJCI fmufhJ"
          >
            <input
              class="sc-fujyUd ibqMkB"
              type="submit"
              value="Submit"
            />
          </div>
        </form>
      </div>
      <div
        class="sc-fFSRdu gwqGbX"
      >
        <div>
          Pie Chart
        </div>
      </div>
    </div>
    <ul
      class="sc-ksluoS epEKjM"
    >
      <h2
        class="sc-dIsAE dYYxdW"
      >
        Comments section
      </h2>
      <h2
        class="sc-bqGHjH coxgKP"
      >
        See the feedback that users have left here!
      </h2>
      <li
        class="sc-hBMVcZ gbGNpa"
      >
        <div
          class="sc-fnVYJo"
        >
          Name: name
        </div>
        <div
          class="sc-fnVYJo"
        >
          Rating: 1
        </div>
        <div
          class="sc-fnVYJo"
        >
          Comment: text
        </div>
      </li>
    </ul>
    <footer
      class="sc-iqAbSa kSTKJm"
    >
      Check out the repository for this webpage on
      <a
        class="sc-crzoUp eSUbZr"
        href="https://github.com/shanassaf/customer-feedback"
      >
         github
      </a>
    </footer>
  </div>
</DocumentFragment>
`;
